// Jest Snapshot v1, https://goo.gl/fbAQLP

exports[`should render the loading spinner 1`] = `
<div>
  <div
    class="loading"
  >
    <div
      class="loading__spinner"
    >
      <div
        class="loading__bounce1"
      />
      <div
        class="Loading__loading__bounce2"
      />
      <div
        class="loading__bounce3"
      />
    </div>
    <h1
      class="loading__heading"
    >
      Loading
    </h1>
  </div>
</div>
`;
