// Jest Snapshot v1, https://goo.gl/fbAQLP

exports[`Renders App component with default page 1`] = `
<div>
  <div
    class="schedule-item"
  >
    <button
      class="schedule-item__top-button"
    >
      <span
        class="schedule-item__headers"
      >
        <h3
          class="schedule-item__header"
        >
          header
        </h3>
        <p
          class="schedule-item__subheader"
        >
          subheader
        </p>
      </span>
      <span
        class="schedule-item__icon-container"
      >
        <img
          alt=""
          class="schedule-item__icon"
          src="chevron-down.png"
        />
      </span>
    </button>
    <hr
      class="schedule-item__hr"
    />
  </div>
</div>
`;
