// Jest Snapshot v1, https://goo.gl/fbAQLP

exports[`Renders Layout component with default page 1`] = `
<div>
  <div
    class="layout"
  >
    <div>
      <p>
        sample children
      </p>
    </div>
    <nav
      class="navbar"
    >
      <div
        class="navbar__content"
      >
        <a
          class="navbar__schedule-link"
          href="/123/event-schedule"
        >
          <img
            alt="schedule icon"
            class="navbar__icon"
            src="schedule.svg"
          />
        </a>
        <span
          class="navbar__title"
        >
          SCHEDULE
        </span>
      </div>
      <div
        class="navbar__content"
      >
        <a
          class="navbar__home-link"
          href="/123"
        >
          <img
            alt="home icon"
            class="navbar__icon"
            src="home.svg"
          />
        </a>
        <span
          class="navbar__title"
        >
          HOME
        </span>
      </div>
      <div
        class="navbar__content"
      >
        <a
          class="navbar__about-link"
          href="/123/our-story"
        >
          <img
            alt="about icon"
            class="navbar__icon"
            src="info.svg"
          />
        </a>
        <span
          class="navbar__title"
        >
          ABOUT
        </span>
      </div>
    </nav>
  </div>
</div>
`;
