// Jest Snapshot v1, https://goo.gl/fbAQLP

exports[`Renders App component 1`] = `
<div>
  <div
    class="photo-container"
  >
    <img
      alt="placeholder"
      class="photo-container__image"
    />
    <p
      class="photo-container__description"
    >
      description here :)
    </p>
  </div>
</div>
`;
