// Jest Snapshot v1, https://goo.gl/fbAQLP

exports[`Renders App component with default page 1`] = `
<div>
  <div
    class="home"
  >
    <h1
      class="home__header"
    >
      Home page
    </h1>
    <div
      class="event-header-details"
    >
      <p
        class="event-header-details__time-date"
      >
        11.30am
        <span
          class="event-header-details__divider"
        >
          |
        </span>
        Sun 21 Nov 2021
      </p>
      <p
        class="event-header-details__venue-location"
      >
        <span
          class="event-header-details__venue"
        >
          South Bank
        </span>
        <span
          class="event-header-details__comma"
        >
          ,
        </span>
         
        London
      </p>
    </div>
    <div
      class="header-container"
    >
      <img
        alt=""
        class="header-image"
        src="image33.png"
      />
    </div>
    <p
      class="paragraph"
      data-testid="paragraph"
    >
      this is some paragraph
    </p>
    <a
      class="view-schedule-button"
      href="/event-schedule"
    >
      View Schedule
    </a>
  </div>
</div>
`;
